[31merror[error]: unsupported operand type(s) for +: 'str' and 'NoneType'
----- Traceback -----
  â”Œâ”€ <unknown>:1:11
  | 
1 | print("s" + None)
  |            ^
[0m