[31merror[error]: unsupported operand type(s) for +: 'bool' and 'NoneType'
----- Traceback -----
  â”Œâ”€ <unknown>:1:12
  | 
1 | print(True + None)
  |             ^
[0m