[31merror[error]: unsupported operand type(s) for +: 'number' and 'NoneType'
----- Traceback -----
  â”Œâ”€ <unknown>:1:8
  | 
1 | print(1+None)
  |         ^
[0m