[31merror[error]: unsupported operand type(s) for +: 'NoneType' and 'NoneType'
----- Traceback -----
  â”Œâ”€ <unknown>:1:11
  | 
1 | print(None+None)
  |            ^
[0m