[31merror[error]: unsupported operand type(s) for >: 'number' and 'str'
----- Traceback -----
  â”Œâ”€ <unknown>:1:9
  | 
1 | print(1 > "1")
  |          ^
[0m