15
3.702
hellohellohello
[1, 2, 3, 1, 2, 3, 1, 2, 3]
