[31merror[error]: unsupported operand type(s) for *: 'NoneType' and 'number'
----- Traceback -----
  â”Œâ”€ <unknown>:1:12
  | 
1 | print(None * 3) # error
  |             ^
[0m