[31merror[error]: bad operand type for unary -: 'str'
----- Traceback -----
  â”Œâ”€ <unknown>:1:7
  | 
1 | print(-"s") # error
  |        ^
[0m