[31merror[error]: unsupported operand type(s) for -: 'str' and 'number'
----- Traceback -----
  â”Œâ”€ <unknown>:1:11
  | 
1 | print("a" - 1) # error
  |            ^
[0m