[31merror[error]: Undefined variable 'undefined'
----- Traceback -----
  â”Œâ”€ <unknown>:1:15
  | 
1 | print(undefined)
  |                ^
[0m