[31merror[error]: Expected 2 arguments but got 1
----- Traceback -----
  â”Œâ”€ <unknown>:3:4
  |   pass
3 | f(1)
  |     ^
[0m