[31merror[error]: 'str' object is not callable
----- Traceback -----
  â”Œâ”€ <unknown>:6:9
  | 
6 | foo.bar()
  |          ^
[0m