[31merror[error]: 'bool' object has no attribute 'foo'
----- Traceback -----
  â”Œâ”€ <unknown>:1:8
  | 
1 | True.foo
  |         ^
[0m