[31merror[error]: 'function' object has no attribute 'bar'
----- Traceback -----
  â”Œâ”€ <unknown>:4:7
  | 
4 | foo.bar
  |        ^
[0m