[31merror[error]: 'str' object has no attribute 'foo'
----- Traceback -----
  â”Œâ”€ <unknown>:1:9
  | 
1 | "str".foo
  |          ^
[0m