[31merror[error]: 'number' object has no attribute 'foo'
----- Traceback -----
  â”Œâ”€ <unknown>:1:7
  | 
1 | 123.foo
  |        ^
[0m