[31merror[error]: 'NoneType' object has no attribute 'bar'
----- Traceback -----
  â”Œâ”€ <unknown>:1:8
  | 
1 | None.bar
  |         ^
[0m