[31merror[error]: Only instances have fields
----- Traceback -----
  â”Œâ”€ <unknown>:1:17
  | 
1 | 123.foo = "value"
  |                  ^
[0m