[31merror[error]: Only instances have fields
----- Traceback -----
  â”Œâ”€ <unknown>:1:19
  | 
1 | "str".foo = "value"
  |                    ^
[0m