[31merror[error]: Only instances have fields
----- Traceback -----
  â”Œâ”€ <unknown>:1:18
  | 
1 | True.foo = "value"
  |                   ^
[0m