[31merror[error]: Expect property name after '.'.
----- Traceback -----
  â”Œâ”€ <unknown>:1:4
  | 
1 | 123.
  |     ^
[0m