[31merror[error]: Expect expression.
----- Traceback -----
  â”Œâ”€ <unknown>:1:1
  | 
1 | .123
  |  ^
[0m