[31merror[error]: 'bool' object is not callable
----- Traceback -----
  â”Œâ”€ <unknown>:1:6
  | 
1 | True()
  |       ^
[0m