[31merror[error]: 'NoneType' object is not callable
----- Traceback -----
  â”Œâ”€ <unknown>:1:6
  | 
1 | None()
  |       ^
[0m