[31merror[error]: 'str' object is not callable
----- Traceback -----
  â”Œâ”€ <unknown>:1:18
  | 
1 | "not a function"()
  |                   ^
[0m