[31merror[error]: Expect expression.
----- Traceback -----
  â”Œâ”€ <unknown>:2:0
  | print
2 | 
  | ^
[0m