[31merror[error]: Expect expression.
----- Traceback -----
  â”Œâ”€ <unknown>:1:7
  | 
1 | print()
  |        ^
[0m